c++ -std=c++11 -stdlib=libc++  -DOSC_ON=1 -Wno-deprecated-declarations -O0 -Werror=implicit-function-declaration -Isrc -Ilib/oscpack -Ilib/rnbo/HelpDelay -Ilib/rnbo/NedLFO1 -Ilib/rnbo/rnbo -Ilib/rnbo/rnbo/common -Ilib/rnbo/rnbo/src -fPIC -I../../include -I../../dep/include -MMD -MP -g -O3 -funsafe-math-optimizations -fno-omit-frame-pointer -Wall -Wextra -Wno-unused-parameter -Wno-vla-extension -march=armv8-a+fp+simd -mmacosx-version-min=10.9  -c -o build/lib/oscpack/ip/IpEndpointName.cpp.o lib/oscpack/ip/IpEndpointName.cpp
c++ -std=c++11 -stdlib=libc++  -DOSC_ON=1 -Wno-deprecated-declarations -O0 -Werror=implicit-function-declaration -Isrc -Ilib/oscpack -Ilib/rnbo/HelpDelay -Ilib/rnbo/NedLFO1 -Ilib/rnbo/rnbo -Ilib/rnbo/rnbo/common -Ilib/rnbo/rnbo/src -fPIC -I../../include -I../../dep/include -MMD -MP -g -O3 -funsafe-math-optimizations -fno-omit-frame-pointer -Wall -Wextra -Wno-unused-parameter -Wno-vla-extension -march=armv8-a+fp+simd -mmacosx-version-min=10.9  -c -o build/lib/oscpack/osc/OscOutboundPacketStream.cpp.o lib/oscpack/osc/OscOutboundPacketStream.cpp
c++ -std=c++11 -stdlib=libc++  -DOSC_ON=1 -Wno-deprecated-declarations -O0 -Werror=implicit-function-declaration -Isrc -Ilib/oscpack -Ilib/rnbo/HelpDelay -Ilib/rnbo/NedLFO1 -Ilib/rnbo/rnbo -Ilib/rnbo/rnbo/common -Ilib/rnbo/rnbo/src -fPIC -I../../include -I../../dep/include -MMD -MP -g -O3 -funsafe-math-optimizations -fno-omit-frame-pointer -Wall -Wextra -Wno-unused-parameter -Wno-vla-extension -march=armv8-a+fp+simd -mmacosx-version-min=10.9  -c -o build/lib/oscpack/osc/OscPrintReceivedElements.cpp.o lib/oscpack/osc/OscPrintReceivedElements.cpp
c++ -std=c++11 -stdlib=libc++  -DOSC_ON=1 -Wno-deprecated-declarations -O0 -Werror=implicit-function-declaration -Isrc -Ilib/oscpack -Ilib/rnbo/HelpDelay -Ilib/rnbo/NedLFO1 -Ilib/rnbo/rnbo -Ilib/rnbo/rnbo/common -Ilib/rnbo/rnbo/src -fPIC -I../../include -I../../dep/include -MMD -MP -g -O3 -funsafe-math-optimizations -fno-omit-frame-pointer -Wall -Wextra -Wno-unused-parameter -Wno-vla-extension -march=armv8-a+fp+simd -mmacosx-version-min=10.9  -c -o build/lib/oscpack/osc/OscReceivedElements.cpp.o lib/oscpack/osc/OscReceivedElements.cpp
lib/oscpack/osc/OscReceivedElements.cpp:72:2: warning: misleading indentation; statement is not part of the previous 'if' [-Wmisleading-indentation]
   72 |         if( p[0] == '\0' )    // special case for SuperCollider integer address pattern
      |         ^
lib/oscpack/osc/OscReceivedElements.cpp:69:5: note: previous statement is here
   69 |     if( p >= end )
      |     ^
1 warning generated.
c++ -std=c++11 -stdlib=libc++  -DOSC_ON=1 -Wno-deprecated-declarations -O0 -Werror=implicit-function-declaration -Isrc -Ilib/oscpack -Ilib/rnbo/HelpDelay -Ilib/rnbo/NedLFO1 -Ilib/rnbo/rnbo -Ilib/rnbo/rnbo/common -Ilib/rnbo/rnbo/src -fPIC -I../../include -I../../dep/include -MMD -MP -g -O3 -funsafe-math-optimizations -fno-omit-frame-pointer -Wall -Wextra -Wno-unused-parameter -Wno-vla-extension -march=armv8-a+fp+simd -mmacosx-version-min=10.9  -c -o build/lib/oscpack/osc/OscTypes.cpp.o lib/oscpack/osc/OscTypes.cpp
c++ -std=c++11 -stdlib=libc++  -DOSC_ON=1 -Wno-deprecated-declarations -O0 -Werror=implicit-function-declaration -Isrc -Ilib/oscpack -Ilib/rnbo/HelpDelay -Ilib/rnbo/NedLFO1 -Ilib/rnbo/rnbo -Ilib/rnbo/rnbo/common -Ilib/rnbo/rnbo/src -fPIC -I../../include -I../../dep/include -MMD -MP -g -O3 -funsafe-math-optimizations -fno-omit-frame-pointer -Wall -Wextra -Wno-unused-parameter -Wno-vla-extension -march=armv8-a+fp+simd -mmacosx-version-min=10.9  -c -o build/src/_Template.cpp.o src/_Template.cpp
c++ -std=c++11 -stdlib=libc++  -DOSC_ON=1 -Wno-deprecated-declarations -O0 -Werror=implicit-function-declaration -Isrc -Ilib/oscpack -Ilib/rnbo/HelpDelay -Ilib/rnbo/NedLFO1 -Ilib/rnbo/rnbo -Ilib/rnbo/rnbo/common -Ilib/rnbo/rnbo/src -fPIC -I../../include -I../../dep/include -MMD -MP -g -O3 -funsafe-math-optimizations -fno-omit-frame-pointer -Wall -Wextra -Wno-unused-parameter -Wno-vla-extension -march=armv8-a+fp+simd -mmacosx-version-min=10.9  -c -o build/src/AbcdSeq.cpp.o src/AbcdSeq.cpp
c++ -std=c++11 -stdlib=libc++  -DOSC_ON=1 -Wno-deprecated-declarations -O0 -Werror=implicit-function-declaration -Isrc -Ilib/oscpack -Ilib/rnbo/HelpDelay -Ilib/rnbo/NedLFO1 -Ilib/rnbo/rnbo -Ilib/rnbo/rnbo/common -Ilib/rnbo/rnbo/src -fPIC -I../../include -I../../dep/include -MMD -MP -g -O3 -funsafe-math-optimizations -fno-omit-frame-pointer -Wall -Wextra -Wno-unused-parameter -Wno-vla-extension -march=armv8-a+fp+simd -mmacosx-version-min=10.9  -c -o build/src/Add5.cpp.o src/Add5.cpp
c++ -std=c++11 -stdlib=libc++  -DOSC_ON=1 -Wno-deprecated-declarations -O0 -Werror=implicit-function-declaration -Isrc -Ilib/oscpack -Ilib/rnbo/HelpDelay -Ilib/rnbo/NedLFO1 -Ilib/rnbo/rnbo -Ilib/rnbo/rnbo/common -Ilib/rnbo/rnbo/src -fPIC -I../../include -I../../dep/include -MMD -MP -g -O3 -funsafe-math-optimizations -fno-omit-frame-pointer -Wall -Wextra -Wno-unused-parameter -Wno-vla-extension -march=armv8-a+fp+simd -mmacosx-version-min=10.9  -c -o build/src/Arrange.cpp.o src/Arrange.cpp
c++ -std=c++11 -stdlib=libc++  -DOSC_ON=1 -Wno-deprecated-declarations -O0 -Werror=implicit-function-declaration -Isrc -Ilib/oscpack -Ilib/rnbo/HelpDelay -Ilib/rnbo/NedLFO1 -Ilib/rnbo/rnbo -Ilib/rnbo/rnbo/common -Ilib/rnbo/rnbo/src -fPIC -I../../include -I../../dep/include -MMD -MP -g -O3 -funsafe-math-optimizations -fno-omit-frame-pointer -Wall -Wextra -Wno-unused-parameter -Wno-vla-extension -march=armv8-a+fp+simd -mmacosx-version-min=10.9  -c -o build/src/Arrange16.cpp.o src/Arrange16.cpp
c++ -std=c++11 -stdlib=libc++  -DOSC_ON=1 -Wno-deprecated-declarations -O0 -Werror=implicit-function-declaration -Isrc -Ilib/oscpack -Ilib/rnbo/HelpDelay -Ilib/rnbo/NedLFO1 -Ilib/rnbo/rnbo -Ilib/rnbo/rnbo/common -Ilib/rnbo/rnbo/src -fPIC -I../../include -I../../dep/include -MMD -MP -g -O3 -funsafe-math-optimizations -fno-omit-frame-pointer -Wall -Wextra -Wno-unused-parameter -Wno-vla-extension -march=armv8-a+fp+simd -mmacosx-version-min=10.9  -c -o build/src/BlankPanel.cpp.o src/BlankPanel.cpp
c++ -std=c++11 -stdlib=libc++  -DOSC_ON=1 -Wno-deprecated-declarations -O0 -Werror=implicit-function-declaration -Isrc -Ilib/oscpack -Ilib/rnbo/HelpDelay -Ilib/rnbo/NedLFO1 -Ilib/rnbo/rnbo -Ilib/rnbo/rnbo/common -Ilib/rnbo/rnbo/src -fPIC -I../../include -I../../dep/include -MMD -MP -g -O3 -funsafe-math-optimizations -fno-omit-frame-pointer -Wall -Wextra -Wno-unused-parameter -Wno-vla-extension -march=armv8-a+fp+simd -mmacosx-version-min=10.9  -c -o build/src/BouncyBalls.cpp.o src/BouncyBalls.cpp
c++ -std=c++11 -stdlib=libc++  -DOSC_ON=1 -Wno-deprecated-declarations -O0 -Werror=implicit-function-declaration -Isrc -Ilib/oscpack -Ilib/rnbo/HelpDelay -Ilib/rnbo/NedLFO1 -Ilib/rnbo/rnbo -Ilib/rnbo/rnbo/common -Ilib/rnbo/rnbo/src -fPIC -I../../include -I../../dep/include -MMD -MP -g -O3 -funsafe-math-optimizations -fno-omit-frame-pointer -Wall -Wextra -Wno-unused-parameter -Wno-vla-extension -march=armv8-a+fp+simd -mmacosx-version-min=10.9  -c -o build/src/Buffer.cpp.o src/Buffer.cpp
c++ -std=c++11 -stdlib=libc++  -DOSC_ON=1 -Wno-deprecated-declarations -O0 -Werror=implicit-function-declaration -Isrc -Ilib/oscpack -Ilib/rnbo/HelpDelay -Ilib/rnbo/NedLFO1 -Ilib/rnbo/rnbo -Ilib/rnbo/rnbo/common -Ilib/rnbo/rnbo/src -fPIC -I../../include -I../../dep/include -MMD -MP -g -O3 -funsafe-math-optimizations -fno-omit-frame-pointer -Wall -Wextra -Wno-unused-parameter -Wno-vla-extension -march=armv8-a+fp+simd -mmacosx-version-min=10.9  -c -o build/src/Cat.cpp.o src/Cat.cpp
c++ -std=c++11 -stdlib=libc++  -DOSC_ON=1 -Wno-deprecated-declarations -O0 -Werror=implicit-function-declaration -Isrc -Ilib/oscpack -Ilib/rnbo/HelpDelay -Ilib/rnbo/NedLFO1 -Ilib/rnbo/rnbo -Ilib/rnbo/rnbo/common -Ilib/rnbo/rnbo/src -fPIC -I../../include -I../../dep/include -MMD -MP -g -O3 -funsafe-math-optimizations -fno-omit-frame-pointer -Wall -Wextra -Wno-unused-parameter -Wno-vla-extension -march=armv8-a+fp+simd -mmacosx-version-min=10.9  -c -o build/src/D1v1de.cpp.o src/D1v1de.cpp
c++ -std=c++11 -stdlib=libc++  -DOSC_ON=1 -Wno-deprecated-declarations -O0 -Werror=implicit-function-declaration -Isrc -Ilib/oscpack -Ilib/rnbo/HelpDelay -Ilib/rnbo/NedLFO1 -Ilib/rnbo/rnbo -Ilib/rnbo/rnbo/common -Ilib/rnbo/rnbo/src -fPIC -I../../include -I../../dep/include -MMD -MP -g -O3 -funsafe-math-optimizations -fno-omit-frame-pointer -Wall -Wextra -Wno-unused-parameter -Wno-vla-extension -march=armv8-a+fp+simd -mmacosx-version-min=10.9  -c -o build/src/DivSeq.cpp.o src/DivSeq.cpp
c++ -std=c++11 -stdlib=libc++  -DOSC_ON=1 -Wno-deprecated-declarations -O0 -Werror=implicit-function-declaration -Isrc -Ilib/oscpack -Ilib/rnbo/HelpDelay -Ilib/rnbo/NedLFO1 -Ilib/rnbo/rnbo -Ilib/rnbo/rnbo/common -Ilib/rnbo/rnbo/src -fPIC -I../../include -I../../dep/include -MMD -MP -g -O3 -funsafe-math-optimizations -fno-omit-frame-pointer -Wall -Wextra -Wno-unused-parameter -Wno-vla-extension -march=armv8-a+fp+simd -mmacosx-version-min=10.9  -c -o build/src/EightSeq.cpp.o src/EightSeq.cpp
c++ -std=c++11 -stdlib=libc++  -DOSC_ON=1 -Wno-deprecated-declarations -O0 -Werror=implicit-function-declaration -Isrc -Ilib/oscpack -Ilib/rnbo/HelpDelay -Ilib/rnbo/NedLFO1 -Ilib/rnbo/rnbo -Ilib/rnbo/rnbo/common -Ilib/rnbo/rnbo/src -fPIC -I../../include -I../../dep/include -MMD -MP -g -O3 -funsafe-math-optimizations -fno-omit-frame-pointer -Wall -Wextra -Wno-unused-parameter -Wno-vla-extension -march=armv8-a+fp+simd -mmacosx-version-min=10.9  -c -o build/src/FM16Seq.cpp.o src/FM16Seq.cpp
c++ -std=c++11 -stdlib=libc++  -DOSC_ON=1 -Wno-deprecated-declarations -O0 -Werror=implicit-function-declaration -Isrc -Ilib/oscpack -Ilib/rnbo/HelpDelay -Ilib/rnbo/NedLFO1 -Ilib/rnbo/rnbo -Ilib/rnbo/rnbo/common -Ilib/rnbo/rnbo/src -fPIC -I../../include -I../../dep/include -MMD -MP -g -O3 -funsafe-math-optimizations -fno-omit-frame-pointer -Wall -Wextra -Wno-unused-parameter -Wno-vla-extension -march=armv8-a+fp+simd -mmacosx-version-min=10.9  -c -o build/src/FullScope.cpp.o src/FullScope.cpp
c++ -std=c++11 -stdlib=libc++  -DOSC_ON=1 -Wno-deprecated-declarations -O0 -Werror=implicit-function-declaration -Isrc -Ilib/oscpack -Ilib/rnbo/HelpDelay -Ilib/rnbo/NedLFO1 -Ilib/rnbo/rnbo -Ilib/rnbo/rnbo/common -Ilib/rnbo/rnbo/src -fPIC -I../../include -I../../dep/include -MMD -MP -g -O3 -funsafe-math-optimizations -fno-omit-frame-pointer -Wall -Wextra -Wno-unused-parameter -Wno-vla-extension -march=armv8-a+fp+simd -mmacosx-version-min=10.9  -c -o build/src/Grains.cpp.o src/Grains.cpp
c++ -std=c++11 -stdlib=libc++  -DOSC_ON=1 -Wno-deprecated-declarations -O0 -Werror=implicit-function-declaration -Isrc -Ilib/oscpack -Ilib/rnbo/HelpDelay -Ilib/rnbo/NedLFO1 -Ilib/rnbo/rnbo -Ilib/rnbo/rnbo/common -Ilib/rnbo/rnbo/src -fPIC -I../../include -I../../dep/include -MMD -MP -g -O3 -funsafe-math-optimizations -fno-omit-frame-pointer -Wall -Wextra -Wno-unused-parameter -Wno-vla-extension -march=armv8-a+fp+simd -mmacosx-version-min=10.9  -c -o build/src/GridSeq.cpp.o src/GridSeq.cpp
c++ -std=c++11 -stdlib=libc++  -DOSC_ON=1 -Wno-deprecated-declarations -O0 -Werror=implicit-function-declaration -Isrc -Ilib/oscpack -Ilib/rnbo/HelpDelay -Ilib/rnbo/NedLFO1 -Ilib/rnbo/rnbo -Ilib/rnbo/rnbo/common -Ilib/rnbo/rnbo/src -fPIC -I../../include -I../../dep/include -MMD -MP -g -O3 -funsafe-math-optimizations -fno-omit-frame-pointer -Wall -Wextra -Wno-unused-parameter -Wno-vla-extension -march=armv8-a+fp+simd -mmacosx-version-min=10.9  -c -o build/src/JWModules.cpp.o src/JWModules.cpp
c++ -std=c++11 -stdlib=libc++  -DOSC_ON=1 -Wno-deprecated-declarations -O0 -Werror=implicit-function-declaration -Isrc -Ilib/oscpack -Ilib/rnbo/HelpDelay -Ilib/rnbo/NedLFO1 -Ilib/rnbo/rnbo -Ilib/rnbo/rnbo/common -Ilib/rnbo/rnbo/src -fPIC -I../../include -I../../dep/include -MMD -MP -g -O3 -funsafe-math-optimizations -fno-omit-frame-pointer -Wall -Wextra -Wno-unused-parameter -Wno-vla-extension -march=armv8-a+fp+simd -mmacosx-version-min=10.9  -c -o build/src/MinMax.cpp.o src/MinMax.cpp
c++ -std=c++11 -stdlib=libc++  -DOSC_ON=1 -Wno-deprecated-declarations -O0 -Werror=implicit-function-declaration -Isrc -Ilib/oscpack -Ilib/rnbo/HelpDelay -Ilib/rnbo/NedLFO1 -Ilib/rnbo/rnbo -Ilib/rnbo/rnbo/common -Ilib/rnbo/rnbo/src -fPIC -I../../include -I../../dep/include -MMD -MP -g -O3 -funsafe-math-optimizations -fno-omit-frame-pointer -Wall -Wextra -Wno-unused-parameter -Wno-vla-extension -march=armv8-a+fp+simd -mmacosx-version-min=10.9  -c -o build/src/NoteSeq.cpp.o src/NoteSeq.cpp
c++ -std=c++11 -stdlib=libc++  -DOSC_ON=1 -Wno-deprecated-declarations -O0 -Werror=implicit-function-declaration -Isrc -Ilib/oscpack -Ilib/rnbo/HelpDelay -Ilib/rnbo/NedLFO1 -Ilib/rnbo/rnbo -Ilib/rnbo/rnbo/common -Ilib/rnbo/rnbo/src -fPIC -I../../include -I../../dep/include -MMD -MP -g -O3 -funsafe-math-optimizations -fno-omit-frame-pointer -Wall -Wextra -Wno-unused-parameter -Wno-vla-extension -march=armv8-a+fp+simd -mmacosx-version-min=10.9  -c -o build/src/NoteSeq16.cpp.o src/NoteSeq16.cpp
c++ -std=c++11 -stdlib=libc++  -DOSC_ON=1 -Wno-deprecated-declarations -O0 -Werror=implicit-function-declaration -Isrc -Ilib/oscpack -Ilib/rnbo/HelpDelay -Ilib/rnbo/NedLFO1 -Ilib/rnbo/rnbo -Ilib/rnbo/rnbo/common -Ilib/rnbo/rnbo/src -fPIC -I../../include -I../../dep/include -MMD -MP -g -O3 -funsafe-math-optimizations -fno-omit-frame-pointer -Wall -Wextra -Wno-unused-parameter -Wno-vla-extension -march=armv8-a+fp+simd -mmacosx-version-min=10.9  -c -o build/src/NoteSeqFu.cpp.o src/NoteSeqFu.cpp
c++ -std=c++11 -stdlib=libc++  -DOSC_ON=1 -Wno-deprecated-declarations -O0 -Werror=implicit-function-declaration -Isrc -Ilib/oscpack -Ilib/rnbo/HelpDelay -Ilib/rnbo/NedLFO1 -Ilib/rnbo/rnbo -Ilib/rnbo/rnbo/common -Ilib/rnbo/rnbo/src -fPIC -I../../include -I../../dep/include -MMD -MP -g -O3 -funsafe-math-optimizations -fno-omit-frame-pointer -Wall -Wextra -Wno-unused-parameter -Wno-vla-extension -march=armv8-a+fp+simd -mmacosx-version-min=10.9  -c -o build/src/OnePattern.cpp.o src/OnePattern.cpp
c++ -std=c++11 -stdlib=libc++  -DOSC_ON=1 -Wno-deprecated-declarations -O0 -Werror=implicit-function-declaration -Isrc -Ilib/oscpack -Ilib/rnbo/HelpDelay -Ilib/rnbo/NedLFO1 -Ilib/rnbo/rnbo -Ilib/rnbo/rnbo/common -Ilib/rnbo/rnbo/src -fPIC -I../../include -I../../dep/include -MMD -MP -g -O3 -funsafe-math-optimizations -fno-omit-frame-pointer -Wall -Wextra -Wno-unused-parameter -Wno-vla-extension -march=armv8-a+fp+simd -mmacosx-version-min=10.9  -c -o build/src/Patterns.cpp.o src/Patterns.cpp
c++ -std=c++11 -stdlib=libc++  -DOSC_ON=1 -Wno-deprecated-declarations -O0 -Werror=implicit-function-declaration -Isrc -Ilib/oscpack -Ilib/rnbo/HelpDelay -Ilib/rnbo/NedLFO1 -Ilib/rnbo/rnbo -Ilib/rnbo/rnbo/common -Ilib/rnbo/rnbo/src -fPIC -I../../include -I../../dep/include -MMD -MP -g -O3 -funsafe-math-optimizations -fno-omit-frame-pointer -Wall -Wextra -Wno-unused-parameter -Wno-vla-extension -march=armv8-a+fp+simd -mmacosx-version-min=10.9  -c -o build/src/Pete.cpp.o src/Pete.cpp
c++ -std=c++11 -stdlib=libc++  -DOSC_ON=1 -Wno-deprecated-declarations -O0 -Werror=implicit-function-declaration -Isrc -Ilib/oscpack -Ilib/rnbo/HelpDelay -Ilib/rnbo/NedLFO1 -Ilib/rnbo/rnbo -Ilib/rnbo/rnbo/common -Ilib/rnbo/rnbo/src -fPIC -I../../include -I../../dep/include -MMD -MP -g -O3 -funsafe-math-optimizations -fno-omit-frame-pointer -Wall -Wextra -Wno-unused-parameter -Wno-vla-extension -march=armv8-a+fp+simd -mmacosx-version-min=10.9  -c -o build/src/Pres1t.cpp.o src/Pres1t.cpp
c++ -std=c++11 -stdlib=libc++  -DOSC_ON=1 -Wno-deprecated-declarations -O0 -Werror=implicit-function-declaration -Isrc -Ilib/oscpack -Ilib/rnbo/HelpDelay -Ilib/rnbo/NedLFO1 -Ilib/rnbo/rnbo -Ilib/rnbo/rnbo/common -Ilib/rnbo/rnbo/src -fPIC -I../../include -I../../dep/include -MMD -MP -g -O3 -funsafe-math-optimizations -fno-omit-frame-pointer -Wall -Wextra -Wno-unused-parameter -Wno-vla-extension -march=armv8-a+fp+simd -mmacosx-version-min=10.9  -c -o build/src/Quantizer.cpp.o src/Quantizer.cpp
c++ -std=c++11 -stdlib=libc++  -DOSC_ON=1 -Wno-deprecated-declarations -O0 -Werror=implicit-function-declaration -Isrc -Ilib/oscpack -Ilib/rnbo/HelpDelay -Ilib/rnbo/NedLFO1 -Ilib/rnbo/rnbo -Ilib/rnbo/rnbo/common -Ilib/rnbo/rnbo/src -fPIC -I../../include -I../../dep/include -MMD -MP -g -O3 -funsafe-math-optimizations -fno-omit-frame-pointer -Wall -Wextra -Wno-unused-parameter -Wno-vla-extension -march=armv8-a+fp+simd -mmacosx-version-min=10.9  -c -o build/src/QuantizeUtils.cpp.o src/QuantizeUtils.cpp
c++ -std=c++11 -stdlib=libc++  -DOSC_ON=1 -Wno-deprecated-declarations -O0 -Werror=implicit-function-declaration -Isrc -Ilib/oscpack -Ilib/rnbo/HelpDelay -Ilib/rnbo/NedLFO1 -Ilib/rnbo/rnbo -Ilib/rnbo/rnbo/common -Ilib/rnbo/rnbo/src -fPIC -I../../include -I../../dep/include -MMD -MP -g -O3 -funsafe-math-optimizations -fno-omit-frame-pointer -Wall -Wextra -Wno-unused-parameter -Wno-vla-extension -march=armv8-a+fp+simd -mmacosx-version-min=10.9  -c -o build/src/RandomSound.cpp.o src/RandomSound.cpp
c++ -std=c++11 -stdlib=libc++  -DOSC_ON=1 -Wno-deprecated-declarations -O0 -Werror=implicit-function-declaration -Isrc -Ilib/oscpack -Ilib/rnbo/HelpDelay -Ilib/rnbo/NedLFO1 -Ilib/rnbo/rnbo -Ilib/rnbo/rnbo/common -Ilib/rnbo/rnbo/src -fPIC -I../../include -I../../dep/include -MMD -MP -g -O3 -funsafe-math-optimizations -fno-omit-frame-pointer -Wall -Wextra -Wno-unused-parameter -Wno-vla-extension -march=armv8-a+fp+simd -mmacosx-version-min=10.9  -c -o build/src/RnboHelpDelay.cpp.o src/RnboHelpDelay.cpp
In file included from src/RnboHelpDelay.cpp:8:
src/../lib/rnbo/HelpDelay/helpdelay.cpp:1142:20: warning: unused variable 'currentSync' [-Wunused-variable]
 1142 |             number currentSync = 0;
      |                    ^~~~~~~~~~~
src/../lib/rnbo/HelpDelay/helpdelay.cpp:1302:12: warning: unused variable 'srInv' [-Wunused-variable]
 1302 |     number srInv = (number)1 / this->sr;
      |            ^~~~~
src/RnboHelpDelay.cpp:66:8: warning: unused variable 'clampd' [-Wunused-variable]
   66 |                 auto clampd = [](double x, double lo, double hi) {
      |                      ^~~~~~
In file included from src/RnboHelpDelay.cpp:8:
In file included from src/../lib/rnbo/HelpDelay/helpdelay.cpp:71:
In file included from lib/rnbo/rnbo/common/RNBO_Common.h:37:
lib/rnbo/rnbo/common/RNBO_MinimalEngine.h:270:22: warning: comparison of integers of different signs: 'long' and 'unsigned long' [-Wsign-compare]
  270 |                 for (long i = 0; i < SIZE; i++) {
      |                                  ~ ^ ~~~~
lib/rnbo/rnbo/common/RNBO_MinimalEngine.h:132:9: note: in instantiation of member function 'RNBO::MinimalEngine<>::insertEvent' requested here
  132 |         insertEvent({ Clock, time, 0, clockIndex, UNUSEDPARAMINDEX, eventTarget, READY, false });
      |         ^
src/../lib/rnbo/HelpDelay/helpdelay.cpp:95:1: note: in instantiation of member function 'RNBO::MinimalEngine<>::scheduleClockEvent' requested here
   95 | rnbomatic()
      | ^
src/RnboHelpDelay.cpp:47:20: note: in instantiation of member function 'RNBO::rnbomatic<>::rnbomatic' requested here
   47 |                 rnboEngine = new RNBO::rnbomatic<>();
      |                                  ^
In file included from src/RnboHelpDelay.cpp:8:
In file included from src/../lib/rnbo/HelpDelay/helpdelay.cpp:71:
In file included from lib/rnbo/rnbo/common/RNBO_Common.h:37:
lib/rnbo/rnbo/common/RNBO_MinimalEngine.h:282:14: warning: comparison of integers of different signs: 'long' and 'unsigned long' [-Wsign-compare]
  282 |                                 while (j < SIZE && _queue[j].state > DELETED) j++;
      |                                        ~ ^ ~~~~
lib/rnbo/rnbo/common/RNBO_MinimalEngine.h:283:11: warning: comparison of integers of different signs: 'long' and 'unsigned long' [-Wsign-compare]
  283 |                                 if (j >= SIZE) break;
      |                                     ~ ^  ~~~~
6 warnings generated.
c++ -std=c++11 -stdlib=libc++  -DOSC_ON=1 -Wno-deprecated-declarations -O0 -Werror=implicit-function-declaration -Isrc -Ilib/oscpack -Ilib/rnbo/HelpDelay -Ilib/rnbo/NedLFO1 -Ilib/rnbo/rnbo -Ilib/rnbo/rnbo/common -Ilib/rnbo/rnbo/src -fPIC -I../../include -I../../dep/include -MMD -MP -g -O3 -funsafe-math-optimizations -fno-omit-frame-pointer -Wall -Wextra -Wno-unused-parameter -Wno-vla-extension -march=armv8-a+fp+simd -mmacosx-version-min=10.9  -c -o build/src/RnboNedLFO1.cpp.o src/RnboNedLFO1.cpp
In file included from src/RnboNedLFO1.cpp:8:
In file included from src/../lib/rnbo/NedLFO1/nedlfo1.cpp:71:
In file included from lib/rnbo/rnbo/common/RNBO_Common.h:37:
lib/rnbo/rnbo/common/RNBO_MinimalEngine.h:270:22: warning: comparison of integers of different signs: 'long' and 'unsigned long' [-Wsign-compare]
  270 |                 for (long i = 0; i < SIZE; i++) {
      |                                  ~ ^ ~~~~
lib/rnbo/rnbo/common/RNBO_MinimalEngine.h:132:9: note: in instantiation of member function 'RNBO::MinimalEngine<>::insertEvent' requested here
  132 |         insertEvent({ Clock, time, 0, clockIndex, UNUSEDPARAMINDEX, eventTarget, READY, false });
      |         ^
src/../lib/rnbo/NedLFO1/nedlfo1.cpp:95:1: note: in instantiation of member function 'RNBO::MinimalEngine<>::scheduleClockEvent' requested here
   95 | rnbomatic()
      | ^
src/RnboNedLFO1.cpp:42:20: note: in instantiation of member function 'RNBO::rnbomatic<>::rnbomatic' requested here
   42 |                 rnboEngine = new RNBO::rnbomatic<>();
      |                                  ^
In file included from src/RnboNedLFO1.cpp:8:
In file included from src/../lib/rnbo/NedLFO1/nedlfo1.cpp:71:
In file included from lib/rnbo/rnbo/common/RNBO_Common.h:37:
lib/rnbo/rnbo/common/RNBO_MinimalEngine.h:282:14: warning: comparison of integers of different signs: 'long' and 'unsigned long' [-Wsign-compare]
  282 |                                 while (j < SIZE && _queue[j].state > DELETED) j++;
      |                                        ~ ^ ~~~~
lib/rnbo/rnbo/common/RNBO_MinimalEngine.h:283:11: warning: comparison of integers of different signs: 'long' and 'unsigned long' [-Wsign-compare]
  283 |                                 if (j >= SIZE) break;
      |                                     ~ ^  ~~~~
3 warnings generated.
c++ -std=c++11 -stdlib=libc++  -DOSC_ON=1 -Wno-deprecated-declarations -O0 -Werror=implicit-function-declaration -Isrc -Ilib/oscpack -Ilib/rnbo/HelpDelay -Ilib/rnbo/NedLFO1 -Ilib/rnbo/rnbo -Ilib/rnbo/rnbo/common -Ilib/rnbo/rnbo/src -fPIC -I../../include -I../../dep/include -MMD -MP -g -O3 -funsafe-math-optimizations -fno-omit-frame-pointer -Wall -Wextra -Wno-unused-parameter -Wno-vla-extension -march=armv8-a+fp+simd -mmacosx-version-min=10.9  -c -o build/src/SampleGrid.cpp.o src/SampleGrid.cpp
c++ -std=c++11 -stdlib=libc++  -DOSC_ON=1 -Wno-deprecated-declarations -O0 -Werror=implicit-function-declaration -Isrc -Ilib/oscpack -Ilib/rnbo/HelpDelay -Ilib/rnbo/NedLFO1 -Ilib/rnbo/rnbo -Ilib/rnbo/rnbo/common -Ilib/rnbo/rnbo/src -fPIC -I../../include -I../../dep/include -MMD -MP -g -O3 -funsafe-math-optimizations -fno-omit-frame-pointer -Wall -Wextra -Wno-unused-parameter -Wno-vla-extension -march=armv8-a+fp+simd -mmacosx-version-min=10.9  -c -o build/src/ShiftRegRnd.cpp.o src/ShiftRegRnd.cpp
c++ -std=c++11 -stdlib=libc++  -DOSC_ON=1 -Wno-deprecated-declarations -O0 -Werror=implicit-function-declaration -Isrc -Ilib/oscpack -Ilib/rnbo/HelpDelay -Ilib/rnbo/NedLFO1 -Ilib/rnbo/rnbo -Ilib/rnbo/rnbo/common -Ilib/rnbo/rnbo/src -fPIC -I../../include -I../../dep/include -MMD -MP -g -O3 -funsafe-math-optimizations -fno-omit-frame-pointer -Wall -Wextra -Wno-unused-parameter -Wno-vla-extension -march=armv8-a+fp+simd -mmacosx-version-min=10.9  -c -o build/src/SimpleClock.cpp.o src/SimpleClock.cpp
c++ -std=c++11 -stdlib=libc++  -DOSC_ON=1 -Wno-deprecated-declarations -O0 -Werror=implicit-function-declaration -Isrc -Ilib/oscpack -Ilib/rnbo/HelpDelay -Ilib/rnbo/NedLFO1 -Ilib/rnbo/rnbo -Ilib/rnbo/rnbo/common -Ilib/rnbo/rnbo/src -fPIC -I../../include -I../../dep/include -MMD -MP -g -O3 -funsafe-math-optimizations -fno-omit-frame-pointer -Wall -Wextra -Wno-unused-parameter -Wno-vla-extension -march=armv8-a+fp+simd -mmacosx-version-min=10.9  -c -o build/src/StereoSwitch.cpp.o src/StereoSwitch.cpp
c++ -std=c++11 -stdlib=libc++  -DOSC_ON=1 -Wno-deprecated-declarations -O0 -Werror=implicit-function-declaration -Isrc -Ilib/oscpack -Ilib/rnbo/HelpDelay -Ilib/rnbo/NedLFO1 -Ilib/rnbo/rnbo -Ilib/rnbo/rnbo/common -Ilib/rnbo/rnbo/src -fPIC -I../../include -I../../dep/include -MMD -MP -g -O3 -funsafe-math-optimizations -fno-omit-frame-pointer -Wall -Wextra -Wno-unused-parameter -Wno-vla-extension -march=armv8-a+fp+simd -mmacosx-version-min=10.9  -c -o build/src/StereoSwitchInv.cpp.o src/StereoSwitchInv.cpp
c++ -std=c++11 -stdlib=libc++  -DOSC_ON=1 -Wno-deprecated-declarations -O0 -Werror=implicit-function-declaration -Isrc -Ilib/oscpack -Ilib/rnbo/HelpDelay -Ilib/rnbo/NedLFO1 -Ilib/rnbo/rnbo -Ilib/rnbo/rnbo/common -Ilib/rnbo/rnbo/src -fPIC -I../../include -I../../dep/include -MMD -MP -g -O3 -funsafe-math-optimizations -fno-omit-frame-pointer -Wall -Wextra -Wno-unused-parameter -Wno-vla-extension -march=armv8-a+fp+simd -mmacosx-version-min=10.9  -c -o build/src/Str1ker.cpp.o src/Str1ker.cpp
c++ -std=c++11 -stdlib=libc++  -DOSC_ON=1 -Wno-deprecated-declarations -O0 -Werror=implicit-function-declaration -Isrc -Ilib/oscpack -Ilib/rnbo/HelpDelay -Ilib/rnbo/NedLFO1 -Ilib/rnbo/rnbo -Ilib/rnbo/rnbo/common -Ilib/rnbo/rnbo/src -fPIC -I../../include -I../../dep/include -MMD -MP -g -O3 -funsafe-math-optimizations -fno-omit-frame-pointer -Wall -Wextra -Wno-unused-parameter -Wno-vla-extension -march=armv8-a+fp+simd -mmacosx-version-min=10.9  -c -o build/src/Subtract5.cpp.o src/Subtract5.cpp
c++ -std=c++11 -stdlib=libc++  -DOSC_ON=1 -Wno-deprecated-declarations -O0 -Werror=implicit-function-declaration -Isrc -Ilib/oscpack -Ilib/rnbo/HelpDelay -Ilib/rnbo/NedLFO1 -Ilib/rnbo/rnbo -Ilib/rnbo/rnbo/common -Ilib/rnbo/rnbo/src -fPIC -I../../include -I../../dep/include -MMD -MP -g -O3 -funsafe-math-optimizations -fno-omit-frame-pointer -Wall -Wextra -Wno-unused-parameter -Wno-vla-extension -march=armv8-a+fp+simd -mmacosx-version-min=10.9  -c -o build/src/ThingThing.cpp.o src/ThingThing.cpp
c++ -std=c++11 -stdlib=libc++  -DOSC_ON=1 -Wno-deprecated-declarations -O0 -Werror=implicit-function-declaration -Isrc -Ilib/oscpack -Ilib/rnbo/HelpDelay -Ilib/rnbo/NedLFO1 -Ilib/rnbo/rnbo -Ilib/rnbo/rnbo/common -Ilib/rnbo/rnbo/src -fPIC -I../../include -I../../dep/include -MMD -MP -g -O3 -funsafe-math-optimizations -fno-omit-frame-pointer -Wall -Wextra -Wno-unused-parameter -Wno-vla-extension -march=armv8-a+fp+simd -mmacosx-version-min=10.9  -c -o build/src/Timer.cpp.o src/Timer.cpp
c++ -std=c++11 -stdlib=libc++  -DOSC_ON=1 -Wno-deprecated-declarations -O0 -Werror=implicit-function-declaration -Isrc -Ilib/oscpack -Ilib/rnbo/HelpDelay -Ilib/rnbo/NedLFO1 -Ilib/rnbo/rnbo -Ilib/rnbo/rnbo/common -Ilib/rnbo/rnbo/src -fPIC -I../../include -I../../dep/include -MMD -MP -g -O3 -funsafe-math-optimizations -fno-omit-frame-pointer -Wall -Wextra -Wno-unused-parameter -Wno-vla-extension -march=armv8-a+fp+simd -mmacosx-version-min=10.9  -c -o build/src/Tree.cpp.o src/Tree.cpp
c++ -std=c++11 -stdlib=libc++  -DOSC_ON=1 -Wno-deprecated-declarations -O0 -Werror=implicit-function-declaration -Isrc -Ilib/oscpack -Ilib/rnbo/HelpDelay -Ilib/rnbo/NedLFO1 -Ilib/rnbo/rnbo -Ilib/rnbo/rnbo/common -Ilib/rnbo/rnbo/src -fPIC -I../../include -I../../dep/include -MMD -MP -g -O3 -funsafe-math-optimizations -fno-omit-frame-pointer -Wall -Wextra -Wno-unused-parameter -Wno-vla-extension -march=armv8-a+fp+simd -mmacosx-version-min=10.9  -c -o build/src/Trigs.cpp.o src/Trigs.cpp
c++ -std=c++11 -stdlib=libc++  -DOSC_ON=1 -Wno-deprecated-declarations -O0 -Werror=implicit-function-declaration -Isrc -Ilib/oscpack -Ilib/rnbo/HelpDelay -Ilib/rnbo/NedLFO1 -Ilib/rnbo/rnbo -Ilib/rnbo/rnbo/common -Ilib/rnbo/rnbo/src -fPIC -I../../include -I../../dep/include -MMD -MP -g -O3 -funsafe-math-optimizations -fno-omit-frame-pointer -Wall -Wextra -Wno-unused-parameter -Wno-vla-extension -march=armv8-a+fp+simd -mmacosx-version-min=10.9  -c -o build/src/WavHead.cpp.o src/WavHead.cpp
c++ -std=c++11 -stdlib=libc++  -DOSC_ON=1 -Wno-deprecated-declarations -O0 -Werror=implicit-function-declaration -Isrc -Ilib/oscpack -Ilib/rnbo/HelpDelay -Ilib/rnbo/NedLFO1 -Ilib/rnbo/rnbo -Ilib/rnbo/rnbo/common -Ilib/rnbo/rnbo/src -fPIC -I../../include -I../../dep/include -MMD -MP -g -O3 -funsafe-math-optimizations -fno-omit-frame-pointer -Wall -Wextra -Wno-unused-parameter -Wno-vla-extension -march=armv8-a+fp+simd -mmacosx-version-min=10.9  -c -o build/src/XYPad.cpp.o src/XYPad.cpp
c++ -std=c++11 -stdlib=libc++  -DOSC_ON=1 -Wno-deprecated-declarations -O0 -Werror=implicit-function-declaration -Isrc -Ilib/oscpack -Ilib/rnbo/HelpDelay -Ilib/rnbo/NedLFO1 -Ilib/rnbo/rnbo -Ilib/rnbo/rnbo/common -Ilib/rnbo/rnbo/src -fPIC -I../../include -I../../dep/include -MMD -MP -g -O3 -funsafe-math-optimizations -fno-omit-frame-pointer -Wall -Wextra -Wno-unused-parameter -Wno-vla-extension -march=armv8-a+fp+simd -mmacosx-version-min=10.9  -c -o build/lib/oscpack/ip/posix/NetworkingUtils.cpp.o lib/oscpack/ip/posix/NetworkingUtils.cpp
c++ -std=c++11 -stdlib=libc++  -DOSC_ON=1 -Wno-deprecated-declarations -O0 -Werror=implicit-function-declaration -Isrc -Ilib/oscpack -Ilib/rnbo/HelpDelay -Ilib/rnbo/NedLFO1 -Ilib/rnbo/rnbo -Ilib/rnbo/rnbo/common -Ilib/rnbo/rnbo/src -fPIC -I../../include -I../../dep/include -MMD -MP -g -O3 -funsafe-math-optimizations -fno-omit-frame-pointer -Wall -Wextra -Wno-unused-parameter -Wno-vla-extension -march=armv8-a+fp+simd -mmacosx-version-min=10.9  -c -o build/lib/oscpack/ip/posix/UdpSocket.cpp.o lib/oscpack/ip/posix/UdpSocket.cpp
c++ -std=c++11 -stdlib=libc++  -DOSC_ON=1 -Wno-deprecated-declarations -O0 -Werror=implicit-function-declaration -Isrc -Ilib/oscpack -Ilib/rnbo/HelpDelay -Ilib/rnbo/NedLFO1 -Ilib/rnbo/rnbo -Ilib/rnbo/rnbo/common -Ilib/rnbo/rnbo/src -fPIC -I../../include -I../../dep/include -MMD -MP -g -O3 -funsafe-math-optimizations -fno-omit-frame-pointer -Wall -Wextra -Wno-unused-parameter -Wno-vla-extension -march=armv8-a+fp+simd -mmacosx-version-min=10.9  -o plugin.dylib build/lib/oscpack/ip/IpEndpointName.cpp.o build/lib/oscpack/osc/OscOutboundPacketStream.cpp.o build/lib/oscpack/osc/OscPrintReceivedElements.cpp.o build/lib/oscpack/osc/OscReceivedElements.cpp.o build/lib/oscpack/osc/OscTypes.cpp.o build/src/_Template.cpp.o build/src/AbcdSeq.cpp.o build/src/Add5.cpp.o build/src/Arrange.cpp.o build/src/Arrange16.cpp.o build/src/BlankPanel.cpp.o build/src/BouncyBalls.cpp.o build/src/Buffer.cpp.o build/src/Cat.cpp.o build/src/D1v1de.cpp.o build/src/DivSeq.cpp.o build/src/EightSeq.cpp.o build/src/FM16Seq.cpp.o build/src/FullScope.cpp.o build/src/Grains.cpp.o build/src/GridSeq.cpp.o build/src/JWModules.cpp.o build/src/MinMax.cpp.o build/src/NoteSeq.cpp.o build/src/NoteSeq16.cpp.o build/src/NoteSeqFu.cpp.o build/src/OnePattern.cpp.o build/src/Patterns.cpp.o build/src/Pete.cpp.o build/src/Pres1t.cpp.o build/src/Quantizer.cpp.o build/src/QuantizeUtils.cpp.o build/src/RandomSound.cpp.o build/src/RnboHelpDelay.cpp.o build/src/RnboNedLFO1.cpp.o build/src/SampleGrid.cpp.o build/src/ShiftRegRnd.cpp.o build/src/SimpleClock.cpp.o build/src/StereoSwitch.cpp.o build/src/StereoSwitchInv.cpp.o build/src/Str1ker.cpp.o build/src/Subtract5.cpp.o build/src/ThingThing.cpp.o build/src/Timer.cpp.o build/src/Tree.cpp.o build/src/Trigs.cpp.o build/src/WavHead.cpp.o build/src/XYPad.cpp.o build/lib/oscpack/ip/posix/NetworkingUtils.cpp.o build/lib/oscpack/ip/posix/UdpSocket.cpp.o -shared -L../.. -lRack -undefined dynamic_lookup 
rm -rf dist
mkdir -p dist/JW-Modules
cp plugin.dylib dist/JW-Modules/
strip -S dist/JW-Modules/plugin.dylib
install_name_tool -change libRack.dylib /tmp/Rack2/libRack.dylib dist/JW-Modules/plugin.dylib
otool -L dist/JW-Modules/plugin.dylib
dist/JW-Modules/plugin.dylib:
	plugin.dylib (compatibility version 0.0.0, current version 0.0.0)
	/tmp/Rack2/libRack.dylib (compatibility version 0.0.0, current version 0.0.0)
	/usr/lib/libc++.1.dylib (compatibility version 1.0.0, current version 2100.43.0)
	/usr/lib/libSystem.B.dylib (compatibility version 1.0.0, current version 1356.0.0)
codesign -f -s - dist/JW-Modules/plugin.dylib
dist/JW-Modules/plugin.dylib: replacing existing signature
rsync -rR LICENSE res plugin.json dist/JW-Modules/
cd dist && tar --no-xattrs -c JW-Modules | zstd -19 -o "JW-Modules"-"2.0.35"-mac-arm64.vcvplugin
/*stdin*\            : 14.48%   (  5.06 MiB =>    750 KiB, JW-Modules-2.0.35-mac-arm64.vcvplugin) 
